// Jest Snapshot v1, https://goo.gl/fbAQLP

exports[`PokemonPage component  debe de hacer match con el snapshot 1`] = `<h1>Cargando...</h1>`;

exports[`PokemonPage component  debe de hacer match con el snapshot cuando carga los pokemons 1`] = `
<div>
  <h1>Quien es el pokemon?</h1>
  <div class="pokemon-container"><img src="https://raw.githubusercontent.com/PokeAPI/sprites/master/sprites/pokemon/other/dream-world/1.svg" alt="pokemon" class="hidden-pokemon">
    <!--v-if-->
  </div>
  <div class="options-container">
    <ul>
      <li>bulbasaur</li>
      <li>ivysaur</li>
      <li>venusaur</li>
      <li>charmander</li>
    </ul>
  </div>
  <!--v-if-->
</div>
`;
